Partial/Required:  3.64, Required:    400.0, Partial:  1455.44, Net: _01835_, Pin: _10148_/A0, Layer: met1
Partial/Required:  3.58, Required:    400.0, Partial:  1431.44, Net: _02218_, Pin: _06779_/A1, Layer: met1
Partial/Required:  3.45, Required:    400.0, Partial:  1378.78, Net: _02212_, Pin: _09649_/A1, Layer: met1
Partial/Required:  2.86, Required:    400.0, Partial:  1143.93, Net: _03298_, Pin: _08062_/B1, Layer: met1
Partial/Required:  2.79, Required:    400.0, Partial:  1116.21, Net: _03267_, Pin: _08032_/B1, Layer: met1
Partial/Required:  2.54, Required:    400.0, Partial:   1015.0, Net: net18, Pin: _09789_/A1, Layer: met1
Partial/Required:  2.49, Required:    400.0, Partial:   997.89, Net: net40, Pin: _10244_/A1, Layer: met1
Partial/Required:  2.47, Required:    400.0, Partial:   988.11, Net: net15, Pin: _09783_/A1, Layer: met1
Partial/Required:  2.42, Required:    400.0, Partial:    970.0, Net: _01820_, Pin: _06338_/A1, Layer: met1
Partial/Required:  2.39, Required:    400.0, Partial:   954.04, Net: _04043_, Pin: _08865_/B1, Layer: met1
Partial/Required:  2.36, Required:    400.0, Partial:   943.78, Net: net39, Pin: _10040_/A1, Layer: met1
Partial/Required:  1.97, Required:    400.0, Partial:   787.44, Net: _01973_, Pin: _06103_/A1, Layer: met1
Partial/Required:  1.92, Required:    400.0, Partial:   767.44, Net: _02212_, Pin: _09717_/A1, Layer: met1
Partial/Required:  1.77, Required:    400.0, Partial:   708.56, Net: _01806_, Pin: _06324_/A1, Layer: met1
Partial/Required:  1.77, Required:    400.0, Partial:   706.67, Net: net16, Pin: _10057_/A1, Layer: met1
Partial/Required:  1.65, Required:    400.0, Partial:   659.22, Net: _02214_, Pin: _09719_/A1, Layer: met1
Partial/Required:  1.64, Required:    400.0, Partial:   654.67, Net: _02220_, Pin: _07123_/A1, Layer: met1
Partial/Required:  1.58, Required:    400.0, Partial:   631.56, Net: _02247_, Pin: _06594_/A1, Layer: met1
Partial/Required:  1.50, Required:    400.0, Partial:   601.67, Net: _02259_, Pin: _07094_/A1, Layer: met1
Partial/Required:  1.49, Required:    400.0, Partial:   596.78, Net: net21, Pin: _09795_/A1, Layer: met1
Partial/Required:  1.48, Required:    400.0, Partial:   593.67, Net: _03968_, Pin: _08768_/A0, Layer: met1
Partial/Required:  1.43, Required:    400.0, Partial:   570.44, Net: _02713_, Pin: _07569_/B1_N, Layer: met1
Partial/Required:  1.39, Required:    400.0, Partial:   557.56, Net: _02245_, Pin: _09682_/A1, Layer: met1
Partial/Required:  1.35, Required:    400.0, Partial:   540.12, Net: net58, Pin: output58/A, Layer: met1
Partial/Required:  1.34, Required:    400.0, Partial:   536.67, Net: _01846_, Pin: _06363_/A1, Layer: met1
Partial/Required:  1.33, Required:    400.0, Partial:   531.44, Net: _02775_, Pin: _07685_/B1_N, Layer: met1
Partial/Required:  1.33, Required:    400.0, Partial:   530.89, Net: _01870_, Pin: _05938_/A0, Layer: met1
Partial/Required:  1.30, Required:    400.0, Partial:   521.56, Net: _01914_, Pin: _09952_/A0, Layer: met1
Partial/Required:  1.29, Required:    400.0, Partial:   516.22, Net: net42, Pin: _05940_/A, Layer: met1
Partial/Required:  1.28, Required:    400.0, Partial:   513.33, Net: _03690_, Pin: _08467_/B1, Layer: met1
Partial/Required:  1.28, Required:    400.0, Partial:   512.89, Net: _02249_, Pin: _07220_/A1, Layer: met1
Partial/Required:  1.27, Required:    400.0, Partial:    510.0, Net: _01808_, Pin: _06462_/A1, Layer: met1
Partial/Required:  1.27, Required:    400.0, Partial:   508.92, Net: net41, Pin: _05830_/A, Layer: met1
Partial/Required:  1.26, Required:    400.0, Partial:   502.89, Net: _01895_, Pin: _06991_/A0, Layer: met1
Partial/Required:  1.17, Required:    400.0, Partial:   469.16, Net: _03862_, Pin: _09608_/A2, Layer: met2
Partial/Required:  1.15, Required:    400.0, Partial:   461.18, Net: net14, Pin: _05847_/A, Layer: met1
Partial/Required:  1.13, Required:    400.0, Partial:   450.33, Net: _02790_, Pin: _08370_/A_N, Layer: met1
Partial/Required:  1.11, Required:    400.0, Partial:   442.56, Net: _02775_, Pin: _07915_/B1_N, Layer: met1
Partial/Required:  1.09, Required:    400.0, Partial:   437.11, Net: _01814_, Pin: _06468_/A1, Layer: met1
Partial/Required:  1.06, Required:    400.0, Partial:   423.56, Net: _02562_, Pin: _07195_/S, Layer: met1
Partial/Required:  1.05, Required:    400.0, Partial:   419.08, Net: _03774_, Pin: _09145_/A, Layer: met1
Partial/Required:  1.04, Required:    400.0, Partial:    416.0, Net: _02972_, Pin: _07711_/A_N, Layer: met1
Partial/Required:  1.01, Required:    400.0, Partial:   405.89, Net: _01889_, Pin: _06916_/A0, Layer: met1
Partial/Required:  1.00, Required:    400.0, Partial:   401.44, Net: _01318_, Pin: _05620_/A, Layer: met1
