
===========================================================================
 report_power
============================================================================
======================= Fastest Corner ===================================

Group                  Internal  Switching    Leakage      Total
                          Power      Power      Power      Power (Watts)
----------------------------------------------------------------
Sequential             6.64e-03   1.92e-03   1.68e-08   8.56e-03  40.3%
Combinational          2.84e-03   2.36e-03   3.54e-08   5.20e-03  24.5%
Clock                  4.34e-03   3.14e-03   2.12e-07   7.48e-03  35.2%
Macro                  0.00e+00   0.00e+00   0.00e+00   0.00e+00   0.0%
Pad                    0.00e+00   0.00e+00   0.00e+00   0.00e+00   0.0%
----------------------------------------------------------------
Total                  1.38e-02   7.43e-03   2.65e-07   2.12e-02 100.0%
                          65.0%      35.0%       0.0%

======================= Slowest Corner ===================================

Group                  Internal  Switching    Leakage      Total
                          Power      Power      Power      Power (Watts)
----------------------------------------------------------------
Sequential             4.51e-03   1.27e-03   1.63e-05   5.79e-03  39.6%
Combinational          2.08e-03   1.56e-03   3.38e-05   3.67e-03  25.1%
Clock                  3.10e-03   2.04e-03   4.76e-06   5.15e-03  35.2%
Macro                  0.00e+00   0.00e+00   0.00e+00   0.00e+00   0.0%
Pad                    0.00e+00   0.00e+00   0.00e+00   0.00e+00   0.0%
----------------------------------------------------------------
Total                  9.69e-03   4.87e-03   5.49e-05   1.46e-02 100.0%
                          66.3%      33.3%       0.4%

======================= Typical Corner ===================================

Group                  Internal  Switching    Leakage      Total
                          Power      Power      Power      Power (Watts)
----------------------------------------------------------------
Sequential             5.75e-03   1.62e-03   9.40e-09   7.37e-03  40.1%
Combinational          2.58e-03   1.99e-03   2.29e-08   4.57e-03  24.8%
Clock                  3.80e-03   2.65e-03   2.02e-07   6.45e-03  35.1%
Macro                  0.00e+00   0.00e+00   0.00e+00   0.00e+00   0.0%
Pad                    0.00e+00   0.00e+00   0.00e+00   0.00e+00   0.0%
----------------------------------------------------------------
Total                  1.21e-02   6.25e-03   2.34e-07   1.84e-02 100.0%
                          66.0%      34.0%       0.0%

